// Jest Snapshot v1, https://goo.gl/fbAQLP

exports[`Modal component matches snapshot DOM node structure 1`] = `
<DocumentFragment>
  <div
    class="modalBackdrop"
  >
    <div
      class="modalContainer"
    >
      <h3
        class="modal-title"
      >
        Park bench
      </h3>
      <img
        alt="currentCategory"
        src="1.jpg"
      />
      <p>
        Lorem Ipsum dolor sit amet, consectetur
      </p>
      <button
        type="button"
      >
        Close this modal
      </button>
    </div>
  </div>
</DocumentFragment>
`;
